<html>
<body>
<pre>
<h1>µVision Build Log</h1>
<h2>Tool Versions:</h2>
IDE-Version: ÂµVision V5.33.0.0
Copyright (C) 2020 ARM Ltd and ARM Germany GmbH. All rights reserved.
License Information: Matic Trcak, MAHLE, LIC=----
 
Tool Versions:
Toolchain:       MDK-Lite  Version: 5.33.0.0
Toolchain Path:  C:\Keil_v5\ARM\ARMCLANG\Bin
C Compiler:      ArmClang.exe V6.15
Assembler:       Armasm.exe V6.15
Linker/Locator:  ArmLink.exe V6.15
Library Manager: ArmAr.exe V6.15
Hex Converter:   FromElf.exe V6.15
CPU DLL:         SARMCM3.DLL V5.33.0.0
Dialog DLL:      DCM.DLL V1.17.3.0
Target DLL:      STLink\ST-LINKIII-KEIL_SWO.dll V3.0.8.0
Dialog DLL:      TCM.DLL V1.48.0.0
 
<h2>Project:</h2>
C:\Users\trcak\Documents\Keil projects\first_proj.uvprojx
Project File Date:  12/22/2020

<h2>Output:</h2>
*** Using Compiler 'V6.15', folder: 'C:\Keil_v5\ARM\ARMCLANG\Bin'
Rebuild target 'Target 1'
main.c(21): warning: implicit declaration of function 'USART_Initialize' is invalid in C99 [-Wimplicit-function-declaration]
        USART_Initialize(2);
        ^
main.c(37): warning: implicit declaration of function 'USART_Print' is invalid in C99 [-Wimplicit-function-declaration]
        USART_Print("Hello world! I'm %d years old\n", 25);
        ^
main.c(31): warning: no previous prototype for function 'EXTI15_10_IRQHandler' [-Wmissing-prototypes]
void EXTI15_10_IRQHandler(void) 
     ^
main.c(31): note: declare 'static' if the function is not intended to be used outside of this translation unit
void EXTI15_10_IRQHandler(void) 
^
static 
main.c(2): warning: In file included from...
./HAL_GPIO.h(80): warning: unused function 'HAL_Config_Mode' [-Wunused-function]
static void HAL_Config_Mode(GPIO_TypeDef *port , uint32_t pinNumber , uint32_t mode_type);
            ^
./HAL_GPIO.h(82): warning: unused function 'HAL_Config_Speed' [-Wunused-function]
static void HAL_Config_Speed(GPIO_TypeDef *port, uint32_t pinNumber, uint32_t pinSpeed);
            ^
./HAL_GPIO.h(84): warning: unused function 'HAL_Config_Otype' [-Wunused-function]
static void HAL_Config_Otype(GPIO_TypeDef *port, uint32_t pinNumber, uint32_t pinOtype);
            ^
./HAL_GPIO.h(86): warning: unused function 'HAL_Config_Pupd' [-Wunused-function]
static void HAL_Config_Pupd(GPIO_TypeDef *port, uint32_t pinNumber, uint32_t pupdMode);
            ^
7 warnings generated.
compiling main.c...
HAL_USART.c(43): warning: format string is not a string literal [-Wformat-nonliteral]
        vsprintf(buff, msg, args);
                       ^~~
1 warning generated.
compiling HAL_USART.c...
compiling HAL_GPIO.c...
assembling startup_stm32f401xe.s...
compiling system_stm32f4xx.c...
linking...
Program Size: Code=9028 RO-data=972 RW-data=0 ZI-data=1632  
".\Objects\first_proj.axf" - 0 Error(s), 8 Warning(s).

<h2>Software Packages used:</h2>

Package Vendor: ARM
                http://www.keil.com/pack/ARM.CMSIS.5.7.0.pack
                ARM.CMSIS.5.7.0
                CMSIS (Cortex Microcontroller Software Interface Standard)
   * Component: CORE Version: 5.4.0

Package Vendor: Keil
                http://www.keil.com/pack/Keil.STM32F4xx_DFP.2.15.0.pack
                Keil.STM32F4xx_DFP.2.15.0
                STMicroelectronics STM32F4 Series Device Support, Drivers and Examples
   * Component: Startup Version: 2.6.3

Package Vendor: Keil
                http://www.keil.com/pack/Keil.STM32NUCLEO_BSP.1.7.0.pack
                Keil.STM32NUCLEO_BSP.1.7.0
                STMicroelectronics Nucleo Boards Support and Examples

<h2>Collection of Component include folders:</h2>
  .\RTE\_Target_1
  C:\Users\trcak\AppData\Local\Arm\Packs\ARM\CMSIS\5.7.0\CMSIS\Core\Include
  C:\Users\trcak\AppData\Local\Arm\Packs\Keil\STM32F4xx_DFP\2.15.0\Drivers\CMSIS\Device\ST\STM32F4xx\Include

<h2>Collection of Component Files used:</h2>

   * Component: ARM::CMSIS:CORE:5.4.0

   * Component: Keil::Device:Startup:2.6.3
      Include file:  Drivers\CMSIS\Device\ST\STM32F4xx\Include\stm32f4xx.h
      Source file:   MDK\Device\Source\ARM\STM32F401xx_OPT.s
      Source file:   MDK\Device\Source\ARM\STM32F4xx_OTP.s
      Source file:   Drivers\CMSIS\Device\ST\STM32F4xx\Source\Templates\arm\startup_stm32f401xe.s
      Source file:   Drivers\CMSIS\Device\ST\STM32F4xx\Source\Templates\system_stm32f4xx.c
Build Time Elapsed:  00:00:01
</pre>
</body>
</html>
